// Jest Snapshot v1, https://goo.gl/fbAQLP

exports[`SignUpPage matches snapshot 1`] = `
<section
  class="g-box g-flex"
  style="width: auto; min-height: 100vh; column-gap: 12px; row-gap: 12px; justify-content: center;"
>
  <section
    class="g-box g-flex"
    style="width: 100%; min-height: 100vh; max-width: 380px; flex-direction: column; column-gap: 32px; row-gap: 32px; align-items: center; justify-content: center;"
  >
    <img
      alt="Blockhaus"
      style="display: flex; width: 240px;"
    />
    <section
      class="g-box g-flex"
      style="flex-direction: column; column-gap: 12px; row-gap: 12px; align-items: center;"
    >
      <span
        class="g-text g-text_variant_display-2"
      >
        Sign up
      </span>
      <span
        class="g-text g-text_variant_subheader-2"
        style="text-align: center;"
      >
        New here? Dive in! Just fill in the form and let the good times roll.
      </span>
      <form
        action="#"
        style="width: 100%;"
      >
        <section
          class="g-box g-flex"
          style="width: 100%; flex-direction: column; column-gap: 16px; row-gap: 16px; align-items: center;"
        >
          <span
            class="g-text-input g-text-input_view_normal g-text-input_size_xl g-text-input_pin_brick-brick"
          >
            <span
              class="g-text-input__content"
            >
              <label
                class="g-text-input__label"
                for="g-:r0:"
                style="max-width: calc(50% - 0px);"
                title="Email"
              >
                Email
              </label>
              <input
                autocomplete="email"
                class="g-text-input__control g-text-input__control_type_input"
                id="g-:r0:"
                name="email"
                type="email"
                value=""
              />
            </span>
          </span>
          <span
            class="g-text-input g-text-input_view_normal g-text-input_size_xl g-text-input_pin_brick-brick"
          >
            <span
              class="g-text-input__content"
            >
              <label
                class="g-text-input__label"
                for="g-:r3:"
                style="max-width: calc(50% - 0px);"
                title="First Name"
              >
                First Name
              </label>
              <input
                autocomplete="given-name"
                class="g-text-input__control g-text-input__control_type_input"
                id="g-:r3:"
                name="first_name"
                type="text"
                value=""
              />
            </span>
          </span>
          <span
            class="g-text-input g-text-input_view_normal g-text-input_size_xl g-text-input_pin_brick-brick"
          >
            <span
              class="g-text-input__content"
            >
              <label
                class="g-text-input__label"
                for="g-:r6:"
                style="max-width: calc(50% - 0px);"
                title="Second Name"
              >
                Second Name
              </label>
              <input
                autocomplete="family-name"
                class="g-text-input__control g-text-input__control_type_input"
                id="g-:r6:"
                name="second_name"
                type="text"
                value=""
              />
            </span>
          </span>
          <span
            class="g-text-input g-text-input_view_normal g-text-input_size_xl g-text-input_pin_brick-brick"
          >
            <span
              class="g-text-input__content"
            >
              <label
                class="g-text-input__label"
                for="g-:r9:"
                style="max-width: calc(50% - 0px);"
                title="Login"
              >
                Login
              </label>
              <input
                autocomplete="username"
                class="g-text-input__control g-text-input__control_type_input"
                id="g-:r9:"
                name="login"
                type="text"
                value=""
              />
            </span>
          </span>
          <span
            class="g-text-input g-text-input_view_normal g-text-input_size_xl g-text-input_pin_brick-brick"
          >
            <span
              class="g-text-input__content"
            >
              <label
                class="g-text-input__label"
                for="g-:rc:"
                style="max-width: calc(50% - 0px);"
                title="Password"
              >
                Password
              </label>
              <input
                autocomplete="new-password"
                class="g-text-input__control g-text-input__control_type_input"
                id="g-:rc:"
                name="password"
                type="password"
                value=""
              />
            </span>
          </span>
          <span
            class="g-text-input g-text-input_view_normal g-text-input_size_xl g-text-input_pin_brick-brick"
          >
            <span
              class="g-text-input__content"
            >
              <label
                class="g-text-input__label"
                for="g-:rf:"
                style="max-width: calc(50% - 0px);"
                title="Phone"
              >
                Phone
              </label>
              <input
                autocomplete="tel"
                class="g-text-input__control g-text-input__control_type_input"
                id="g-:rf:"
                name="phone"
                type="tel"
                value=""
              />
            </span>
          </span>
          <section
            class="g-box g-flex"
            style="flex-direction: row; column-gap: 8px; row-gap: 8px;"
          >
            <button
              class="g-button g-button_view_action g-button_size_xl g-button_pin_brick-brick g-button_width_max"
              type="submit"
            >
              <span
                class="g-button__text"
              >
                Submit
              </span>
            </button>
          </section>
        </section>
      </form>
      <a
        aria-disabled="false"
        class="g-button g-button_view_flat g-button_size_xl g-button_pin_brick-brick"
        href="/sign-in"
      >
        <span
          class="g-button__text"
        >
          Signed up already? Sign In
        </span>
      </a>
      <button
        class="g-button g-button_view_flat g-button_size_xl g-button_pin_brick-brick"
        type="button"
      >
        <span
          class="g-button__text"
        >
          Go Back
        </span>
      </button>
    </section>
  </section>
</section>
`;
