// Jest Snapshot v1, https://goo.gl/fbAQLP

exports[`LeaderBoardPage match snapshot 1`] = `
<section
  class="g-box g-flex"
  style="width: 100%; min-height: 100vh; column-gap: 12px; row-gap: 12px; justify-content: center;"
>
  <section
    class="g-box g-flex"
    style="width: 100%; min-height: 100vh; max-width: none; flex-direction: column; column-gap: 32px; row-gap: 32px; align-items: center; justify-content: center;"
  >
    <section
      class="g-box g-flex"
      style="width: 100%; min-height: 80px; column-gap: 12px; row-gap: 12px; align-items: center; justify-content: space-between; padding: 0px 20px;"
    >
      <button
        class="g-button g-button_view_flat g-button_size_xl g-button_pin_brick-brick"
        type="button"
      >
        <span
          class="g-button__icon g-button__icon_side_start"
        >
          <span
            class="g-button__icon-inner"
          >
            <svg
              aria-hidden="true"
              class="g-icon"
              fill="currentColor"
              height="16"
              stroke="none"
              width="16"
              xmlns="http://www.w3.org/2000/svg"
              xmlns:xlink="http://www.w3.org/1999/xlink"
            >
              <svg
                fill="none"
                viewBox="0 0 16 16"
                xmlns="http://www.w3.org/2000/svg"
              >
                <path
                  clip-rule="evenodd"
                  d="M14.75 8a.75.75 0 0 1-.75.75H3.81l2.72 2.72a.75.75 0 1 1-1.06 1.06l-4-4a.75.75 0 0 1 0-1.06l4-4a.75.75 0 0 1 1.06 1.06L3.81 7.25H14a.75.75 0 0 1 .75.75"
                  fill="currentColor"
                  fill-rule="evenodd"
                />
              </svg>
            </svg>
          </span>
        </span>
        <span
          class="g-button__text"
        >
          Back
        </span>
      </button>
      <section
        class="g-box g-flex"
        style="column-gap: 12px; row-gap: 12px; align-items: center;"
      >
        <button
          class="g-button g-button_view_flat-action g-button_size_xl g-button_pin_brick-brick"
          type="button"
        >
          <span
            class="g-button__text"
          >
            Sign In
          </span>
        </button>
      </section>
    </section>
    <section
      class="g-box g-flex"
      style="width: 100%; flex-direction: column; flex-grow: 1; column-gap: 32px; row-gap: 32px; align-items: center;"
    >
      <section
        class="g-box g-flex g-flex_center-content"
        style="flex-direction: column; column-gap: 12px; row-gap: 12px;"
      >
        <span
          class="g-text g-text_variant_display-1"
        >
          Here some of the best players
        </span>
        <span
          class="g-text g-text_variant_subheader-1"
        >
          You can be one of them
        </span>
      </section>
      <section
        class="g-box g-flex"
        style="flex-direction: column; column-gap: 8px; row-gap: 8px;"
      >
        <section
          class="g-box g-flex"
          style="width: 340px; column-gap: 12px; row-gap: 12px; align-items: center; justify-content: space-between;"
        >
          <div
            class="g-user-label g-user-label_view_clear g-user-label_size_xl"
          >
            <div
              class="g-user-label__main"
            >
              <div
                class="g-user-label__avatar"
              >
                <div
                  class="g-avatar g-avatar_size_xl g-avatar_theme_normal g-avatar_view_filled"
                  role="img"
                >
                  <div
                    class="g-avatar__text"
                  >
                    JO
                  </div>
                </div>
              </div>
              <div
                class="g-user-label__text"
              >
                John
              </div>
            </div>
          </div>
          <span
            class="g-text g-text_variant_subheader-3"
          >
            100
          </span>
        </section>
        <section
          class="g-box g-flex"
          style="width: 340px; column-gap: 12px; row-gap: 12px; align-items: center; justify-content: space-between;"
        >
          <div
            class="g-user-label g-user-label_view_clear g-user-label_size_xl"
          >
            <div
              class="g-user-label__main"
            >
              <div
                class="g-user-label__avatar"
              >
                <div
                  class="g-avatar g-avatar_size_xl g-avatar_theme_normal g-avatar_view_filled"
                  role="img"
                >
                  <div
                    class="g-avatar__text"
                  >
                    JA
                  </div>
                </div>
              </div>
              <div
                class="g-user-label__text"
              >
                Jane
              </div>
            </div>
          </div>
          <span
            class="g-text g-text_variant_subheader-3"
          >
            90
          </span>
        </section>
        <section
          class="g-box g-flex"
          style="width: 340px; column-gap: 12px; row-gap: 12px; align-items: center; justify-content: space-between;"
        >
          <div
            class="g-user-label g-user-label_view_clear g-user-label_size_xl"
          >
            <div
              class="g-user-label__main"
            >
              <div
                class="g-user-label__avatar"
              >
                <div
                  class="g-avatar g-avatar_size_xl g-avatar_theme_normal g-avatar_view_filled"
                  role="img"
                >
                  <div
                    class="g-avatar__text"
                  >
                    JA
                  </div>
                </div>
              </div>
              <div
                class="g-user-label__text"
              >
                Jack
              </div>
            </div>
          </div>
          <span
            class="g-text g-text_variant_subheader-3"
          >
            80
          </span>
        </section>
      </section>
    </section>
  </section>
</section>
`;
