// Jest Snapshot v1, https://goo.gl/fbAQLP

exports[`Button renders correctly with default props 1`] = `
<button
  class="g-button g-button_view_flat g-button_size_xl g-button_pin_brick-brick"
  type="button"
>
  <span
    class="g-button__text"
  >
    Button
  </span>
</button>
`;
