// Jest Snapshot v1, https://goo.gl/fbAQLP

exports[`GameResultPage matches snapshot 1`] = `
<div>
  GameResultPage
</div>
`;
