// Jest Snapshot v1, https://goo.gl/fbAQLP

exports[`GameSetupPage matches snapshot 1`] = `
<div>
  GameSetupPage
</div>
`;
